{
    "Bullseye with RAC filter and gather sites": {
        "content": [
            53,
            {
                "FASTP": {
                    "fastp": "1.1.0"
                },
                "FASTQC": {
                    "fastqc": "0.12.1"
                },
                "SAMTOOLS_INDEX": {
                    "samtools": "1.23.1"
                },
                "STAR_ALIGN": {
                    "gawk": "5.1.0",
                    "samtools": 1.21,
                    "star": "2.7.11b"
                },
                "STAR_GENOMEGENERATE": {
                    "gawk": "5.1.0",
                    "samtools": 1.21,
                    "star": "2.7.11b"
                },
                "Workflow": {
                    "nf-core/dartseq": "v1.0.0dev"
                }
            },
            [
                "bullseye",
                "bullseye/A03",
                "bullseye/A03/A03.matrix.gz",
                "bullseye/A03/A03.matrix.gz.tbi",
                "bullseye/A04",
                "bullseye/A04/A04.bullseye.RAC.bed",
                "bullseye/A04/A04.bullseye.quantified.bed",
                "bullseye/A04/A04.bullseye.sites.bed",
                "bullseye/A04/A04.matrix.gz",
                "bullseye/A04/A04.matrix.gz.tbi",
                "bullseye/A04/A04.vs.A03.bed",
                "bullseye/A04/A04.vs.C03.bed",
                "bullseye/C03",
                "bullseye/C03/C03.matrix.gz",
                "bullseye/C03/C03.matrix.gz.tbi",
                "bullseye/E01",
                "bullseye/E01/E01.bullseye.RAC.bed",
                "bullseye/E01/E01.bullseye.quantified.bed",
                "bullseye/E01/E01.bullseye.sites.bed",
                "bullseye/E01/E01.matrix.gz",
                "bullseye/E01/E01.matrix.gz.tbi",
                "bullseye/E01/E01.vs.A03.bed",
                "bullseye/E01/E01.vs.C03.bed",
                "bullseye/all_bullseye_sites",
                "bullseye/all_bullseye_sites/all_bullseye_sites.bullseye.coverage.txt",
                "bullseye/all_bullseye_sites/all_bullseye_sites.bullseye.mut.txt",
                "bullseye/all_bullseye_sites/all_bullseye_sites.bullseye.score.txt",
                "fastp",
                "fastp/A03.fastp.html",
                "fastp/A03.fastp.json",
                "fastp/A03.fastp.log",
                "fastp/A03_R1.fastp.fastq.gz",
                "fastp/A03_R2.fastp.fastq.gz",
                "fastp/A04.fastp.html",
                "fastp/A04.fastp.json",
                "fastp/A04.fastp.log",
                "fastp/A04_R1.fastp.fastq.gz",
                "fastp/A04_R2.fastp.fastq.gz",
                "fastp/C03.fastp.html",
                "fastp/C03.fastp.json",
                "fastp/C03.fastp.log",
                "fastp/C03_R1.fastp.fastq.gz",
                "fastp/C03_R2.fastp.fastq.gz",
                "fastp/E01.fastp.html",
                "fastp/E01.fastp.json",
                "fastp/E01.fastp.log",
                "fastp/E01_R1.fastp.fastq.gz",
                "fastp/E01_R2.fastp.fastq.gz",
                "fastqc",
                "fastqc/A03_1_fastqc.html",
                "fastqc/A03_1_fastqc.zip",
                "fastqc/A03_2_fastqc.html",
                "fastqc/A03_2_fastqc.zip",
                "fastqc/A04_1_fastqc.html",
                "fastqc/A04_1_fastqc.zip",
                "fastqc/A04_2_fastqc.html",
                "fastqc/A04_2_fastqc.zip",
                "fastqc/C03_1_fastqc.html",
                "fastqc/C03_1_fastqc.zip",
                "fastqc/C03_2_fastqc.html",
                "fastqc/C03_2_fastqc.zip",
                "fastqc/E01_1_fastqc.html",
                "fastqc/E01_1_fastqc.zip",
                "fastqc/E01_2_fastqc.html",
                "fastqc/E01_2_fastqc.zip",
                "multiqc",
                "multiqc/multiqc_data",
                "multiqc/multiqc_data/fastp-insert-size-plot.txt",
                "multiqc/multiqc_data/fastp-seq-content-gc-plot_Read_1_After_filtering.txt",
                "multiqc/multiqc_data/fastp-seq-content-gc-plot_Read_1_Before_filtering.txt",
                "multiqc/multiqc_data/fastp-seq-content-gc-plot_Read_2_After_filtering.txt",
                "multiqc/multiqc_data/fastp-seq-content-gc-plot_Read_2_Before_filtering.txt",
                "multiqc/multiqc_data/fastp-seq-content-n-plot_Read_1_After_filtering.txt",
                "multiqc/multiqc_data/fastp-seq-content-n-plot_Read_1_Before_filtering.txt",
                "multiqc/multiqc_data/fastp-seq-content-n-plot_Read_2_After_filtering.txt",
                "multiqc/multiqc_data/fastp-seq-content-n-plot_Read_2_Before_filtering.txt",
                "multiqc/multiqc_data/fastp-seq-quality-plot_Read_1_After_filtering.txt",
                "multiqc/multiqc_data/fastp-seq-quality-plot_Read_1_Before_filtering.txt",
                "multiqc/multiqc_data/fastp-seq-quality-plot_Read_2_After_filtering.txt",
                "multiqc/multiqc_data/fastp-seq-quality-plot_Read_2_Before_filtering.txt",
                "multiqc/multiqc_data/fastp_filtered_reads_plot.txt",
                "multiqc/multiqc_data/fastqc-status-check-heatmap.txt",
                "multiqc/multiqc_data/fastqc_adapter_content_plot.txt",
                "multiqc/multiqc_data/fastqc_per_base_n_content_plot.txt",
                "multiqc/multiqc_data/fastqc_per_base_sequence_quality_plot.txt",
                "multiqc/multiqc_data/fastqc_per_sequence_gc_content_plot_Counts.txt",
                "multiqc/multiqc_data/fastqc_per_sequence_gc_content_plot_Percentages.txt",
                "multiqc/multiqc_data/fastqc_per_sequence_quality_scores_plot.txt",
                "multiqc/multiqc_data/fastqc_sequence_counts_plot.txt",
                "multiqc/multiqc_data/fastqc_sequence_duplication_levels_plot.txt",
                "multiqc/multiqc_data/fastqc_sequence_length_distribution_plot.txt",
                "multiqc/multiqc_data/fastqc_top_overrepresented_sequences_table.txt",
                "multiqc/multiqc_data/llms-full.txt",
                "multiqc/multiqc_data/multiqc.log",
                "multiqc/multiqc_data/multiqc.parquet",
                "multiqc/multiqc_data/multiqc_citations.txt",
                "multiqc/multiqc_data/multiqc_data.json",
                "multiqc/multiqc_data/multiqc_fastp.txt",
                "multiqc/multiqc_data/multiqc_fastqc.txt",
                "multiqc/multiqc_data/multiqc_general_stats.txt",
                "multiqc/multiqc_data/multiqc_software_versions.txt",
                "multiqc/multiqc_data/multiqc_sources.txt",
                "multiqc/multiqc_data/multiqc_star.txt",
                "multiqc/multiqc_data/star_alignment_plot.txt",
                "multiqc/multiqc_data/star_summary_table.txt",
                "multiqc/multiqc_plots",
                "multiqc/multiqc_plots/pdf",
                "multiqc/multiqc_plots/pdf/fastp-insert-size-plot.pdf",
                "multiqc/multiqc_plots/pdf/fastp-seq-content-gc-plot_Read_1_After_filtering.pdf",
                "multiqc/multiqc_plots/pdf/fastp-seq-content-gc-plot_Read_1_Before_filtering.pdf",
                "multiqc/multiqc_plots/pdf/fastp-seq-content-gc-plot_Read_2_After_filtering.pdf",
                "multiqc/multiqc_plots/pdf/fastp-seq-content-gc-plot_Read_2_Before_filtering.pdf",
                "multiqc/multiqc_plots/pdf/fastp-seq-content-n-plot_Read_1_After_filtering.pdf",
                "multiqc/multiqc_plots/pdf/fastp-seq-content-n-plot_Read_1_Before_filtering.pdf",
                "multiqc/multiqc_plots/pdf/fastp-seq-content-n-plot_Read_2_After_filtering.pdf",
                "multiqc/multiqc_plots/pdf/fastp-seq-content-n-plot_Read_2_Before_filtering.pdf",
                "multiqc/multiqc_plots/pdf/fastp-seq-quality-plot_Read_1_After_filtering.pdf",
                "multiqc/multiqc_plots/pdf/fastp-seq-quality-plot_Read_1_Before_filtering.pdf",
                "multiqc/multiqc_plots/pdf/fastp-seq-quality-plot_Read_2_After_filtering.pdf",
                "multiqc/multiqc_plots/pdf/fastp-seq-quality-plot_Read_2_Before_filtering.pdf",
                "multiqc/multiqc_plots/pdf/fastp_filtered_reads_plot-cnt.pdf",
                "multiqc/multiqc_plots/pdf/fastp_filtered_reads_plot-pct.pdf",
                "multiqc/multiqc_plots/pdf/fastqc_adapter_content_plot.pdf",
                "multiqc/multiqc_plots/pdf/fastqc_per_base_n_content_plot.pdf",
                "multiqc/multiqc_plots/pdf/fastqc_per_base_sequence_quality_plot.pdf",
                "multiqc/multiqc_plots/pdf/fastqc_per_sequence_gc_content_plot_Counts.pdf",
                "multiqc/multiqc_plots/pdf/fastqc_per_sequence_gc_content_plot_Percentages.pdf",
                "multiqc/multiqc_plots/pdf/fastqc_per_sequence_quality_scores_plot.pdf",
                "multiqc/multiqc_plots/pdf/fastqc_sequence_counts_plot-cnt.pdf",
                "multiqc/multiqc_plots/pdf/fastqc_sequence_counts_plot-pct.pdf",
                "multiqc/multiqc_plots/pdf/fastqc_sequence_duplication_levels_plot.pdf",
                "multiqc/multiqc_plots/pdf/fastqc_sequence_length_distribution_plot.pdf",
                "multiqc/multiqc_plots/pdf/fastqc_top_overrepresented_sequences_table.pdf",
                "multiqc/multiqc_plots/pdf/star_alignment_plot-cnt.pdf",
                "multiqc/multiqc_plots/pdf/star_alignment_plot-pct.pdf",
                "multiqc/multiqc_plots/pdf/star_summary_table.pdf",
                "multiqc/multiqc_plots/png",
                "multiqc/multiqc_plots/png/fastp-insert-size-plot.png",
                "multiqc/multiqc_plots/png/fastp-seq-content-gc-plot_Read_1_After_filtering.png",
                "multiqc/multiqc_plots/png/fastp-seq-content-gc-plot_Read_1_Before_filtering.png",
                "multiqc/multiqc_plots/png/fastp-seq-content-gc-plot_Read_2_After_filtering.png",
                "multiqc/multiqc_plots/png/fastp-seq-content-gc-plot_Read_2_Before_filtering.png",
                "multiqc/multiqc_plots/png/fastp-seq-content-n-plot_Read_1_After_filtering.png",
                "multiqc/multiqc_plots/png/fastp-seq-content-n-plot_Read_1_Before_filtering.png",
                "multiqc/multiqc_plots/png/fastp-seq-content-n-plot_Read_2_After_filtering.png",
                "multiqc/multiqc_plots/png/fastp-seq-content-n-plot_Read_2_Before_filtering.png",
                "multiqc/multiqc_plots/png/fastp-seq-quality-plot_Read_1_After_filtering.png",
                "multiqc/multiqc_plots/png/fastp-seq-quality-plot_Read_1_Before_filtering.png",
                "multiqc/multiqc_plots/png/fastp-seq-quality-plot_Read_2_After_filtering.png",
                "multiqc/multiqc_plots/png/fastp-seq-quality-plot_Read_2_Before_filtering.png",
                "multiqc/multiqc_plots/png/fastp_filtered_reads_plot-cnt.png",
                "multiqc/multiqc_plots/png/fastp_filtered_reads_plot-pct.png",
                "multiqc/multiqc_plots/png/fastqc_adapter_content_plot.png",
                "multiqc/multiqc_plots/png/fastqc_per_base_n_content_plot.png",
                "multiqc/multiqc_plots/png/fastqc_per_base_sequence_quality_plot.png",
                "multiqc/multiqc_plots/png/fastqc_per_sequence_gc_content_plot_Counts.png",
                "multiqc/multiqc_plots/png/fastqc_per_sequence_gc_content_plot_Percentages.png",
                "multiqc/multiqc_plots/png/fastqc_per_sequence_quality_scores_plot.png",
                "multiqc/multiqc_plots/png/fastqc_sequence_counts_plot-cnt.png",
                "multiqc/multiqc_plots/png/fastqc_sequence_counts_plot-pct.png",
                "multiqc/multiqc_plots/png/fastqc_sequence_duplication_levels_plot.png",
                "multiqc/multiqc_plots/png/fastqc_sequence_length_distribution_plot.png",
                "multiqc/multiqc_plots/png/fastqc_top_overrepresented_sequences_table.png",
                "multiqc/multiqc_plots/png/star_alignment_plot-cnt.png",
                "multiqc/multiqc_plots/png/star_alignment_plot-pct.png",
                "multiqc/multiqc_plots/png/star_summary_table.png",
                "multiqc/multiqc_plots/svg",
                "multiqc/multiqc_plots/svg/fastp-insert-size-plot.svg",
                "multiqc/multiqc_plots/svg/fastp-seq-content-gc-plot_Read_1_After_filtering.svg",
                "multiqc/multiqc_plots/svg/fastp-seq-content-gc-plot_Read_1_Before_filtering.svg",
                "multiqc/multiqc_plots/svg/fastp-seq-content-gc-plot_Read_2_After_filtering.svg",
                "multiqc/multiqc_plots/svg/fastp-seq-content-gc-plot_Read_2_Before_filtering.svg",
                "multiqc/multiqc_plots/svg/fastp-seq-content-n-plot_Read_1_After_filtering.svg",
                "multiqc/multiqc_plots/svg/fastp-seq-content-n-plot_Read_1_Before_filtering.svg",
                "multiqc/multiqc_plots/svg/fastp-seq-content-n-plot_Read_2_After_filtering.svg",
                "multiqc/multiqc_plots/svg/fastp-seq-content-n-plot_Read_2_Before_filtering.svg",
                "multiqc/multiqc_plots/svg/fastp-seq-quality-plot_Read_1_After_filtering.svg",
                "multiqc/multiqc_plots/svg/fastp-seq-quality-plot_Read_1_Before_filtering.svg",
                "multiqc/multiqc_plots/svg/fastp-seq-quality-plot_Read_2_After_filtering.svg",
                "multiqc/multiqc_plots/svg/fastp-seq-quality-plot_Read_2_Before_filtering.svg",
                "multiqc/multiqc_plots/svg/fastp_filtered_reads_plot-cnt.svg",
                "multiqc/multiqc_plots/svg/fastp_filtered_reads_plot-pct.svg",
                "multiqc/multiqc_plots/svg/fastqc_adapter_content_plot.svg",
                "multiqc/multiqc_plots/svg/fastqc_per_base_n_content_plot.svg",
                "multiqc/multiqc_plots/svg/fastqc_per_base_sequence_quality_plot.svg",
                "multiqc/multiqc_plots/svg/fastqc_per_sequence_gc_content_plot_Counts.svg",
                "multiqc/multiqc_plots/svg/fastqc_per_sequence_gc_content_plot_Percentages.svg",
                "multiqc/multiqc_plots/svg/fastqc_per_sequence_quality_scores_plot.svg",
                "multiqc/multiqc_plots/svg/fastqc_sequence_counts_plot-cnt.svg",
                "multiqc/multiqc_plots/svg/fastqc_sequence_counts_plot-pct.svg",
                "multiqc/multiqc_plots/svg/fastqc_sequence_duplication_levels_plot.svg",
                "multiqc/multiqc_plots/svg/fastqc_sequence_length_distribution_plot.svg",
                "multiqc/multiqc_plots/svg/fastqc_top_overrepresented_sequences_table.svg",
                "multiqc/multiqc_plots/svg/star_alignment_plot-cnt.svg",
                "multiqc/multiqc_plots/svg/star_alignment_plot-pct.svg",
                "multiqc/multiqc_plots/svg/star_summary_table.svg",
                "multiqc/multiqc_report.html",
                "pipeline_info",
                "pipeline_info/nf_core_dartseq_software_mqc_versions.yml",
                "star",
                "star/A03",
                "star/A03/A03.Aligned.sortedByCoord.out.bam",
                "star/A03/A03.Aligned.sortedByCoord.out.bam.bai",
                "star/A03/A03.Log.final.out",
                "star/A03/A03.Log.out",
                "star/A03/A03.Log.progress.out",
                "star/A03/A03.SJ.out.tab",
                "star/A04",
                "star/A04/A04.Aligned.sortedByCoord.out.bam",
                "star/A04/A04.Aligned.sortedByCoord.out.bam.bai",
                "star/A04/A04.Log.final.out",
                "star/A04/A04.Log.out",
                "star/A04/A04.Log.progress.out",
                "star/A04/A04.SJ.out.tab",
                "star/C03",
                "star/C03/C03.Aligned.sortedByCoord.out.bam",
                "star/C03/C03.Aligned.sortedByCoord.out.bam.bai",
                "star/C03/C03.Log.final.out",
                "star/C03/C03.Log.out",
                "star/C03/C03.Log.progress.out",
                "star/C03/C03.SJ.out.tab",
                "star/E01",
                "star/E01/E01.Aligned.sortedByCoord.out.bam",
                "star/E01/E01.Aligned.sortedByCoord.out.bam.bai",
                "star/E01/E01.Log.final.out",
                "star/E01/E01.Log.out",
                "star/E01/E01.Log.progress.out",
                "star/E01/E01.SJ.out.tab",
                "star/star",
                "star/star/Genome",
                "star/star/SA",
                "star/star/SAindex",
                "star/star/chrLength.txt",
                "star/star/chrName.txt",
                "star/star/chrNameLength.txt",
                "star/star/chrStart.txt",
                "star/star/exonGeTrInfo.tab",
                "star/star/exonInfo.tab",
                "star/star/geneInfo.tab",
                "star/star/genomeParameters.txt",
                "star/star/sjdbInfo.txt",
                "star/star/sjdbList.fromGTF.out.tab",
                "star/star/sjdbList.out.tab",
                "star/star/transcriptInfo.tab"
            ],
            [
                "A03.matrix.gz:md5,c0649d31524a6448f48380db121961ba",
                "A03.matrix.gz.tbi:md5,78786c0f7ebe5b0e0643051afa16e72d",
                "A04.bullseye.RAC.bed:md5,d41d8cd98f00b204e9800998ecf8427e",
                "A04.bullseye.quantified.bed:md5,d41d8cd98f00b204e9800998ecf8427e",
                "A04.bullseye.sites.bed:md5,d41d8cd98f00b204e9800998ecf8427e",
                "A04.matrix.gz:md5,8197b3489419ed7732421c3fa1e5107e",
                "A04.matrix.gz.tbi:md5,d70e20fc9c581341385a8cb248833bcf",
                "A04.vs.A03.bed:md5,ae8358b2982e6ed815bf48176658780f",
                "A04.vs.C03.bed:md5,4d4fa0247d9f830b8c9e0efad2355333",
                "C03.matrix.gz:md5,ef8a165135adc0f678ffdf7b84aa65af",
                "C03.matrix.gz.tbi:md5,6e17645dec53ed32ed77ff60cf7bb125",
                "E01.bullseye.RAC.bed:md5,d41d8cd98f00b204e9800998ecf8427e",
                "E01.bullseye.quantified.bed:md5,d41d8cd98f00b204e9800998ecf8427e",
                "E01.bullseye.sites.bed:md5,d41d8cd98f00b204e9800998ecf8427e",
                "E01.matrix.gz:md5,34c85d79f6289451f5ce72bad2871170",
                "E01.matrix.gz.tbi:md5,6f66fa088bc407971e5531540712743d",
                "E01.vs.A03.bed:md5,2693e50913b709c4d9ca30033f746695",
                "E01.vs.C03.bed:md5,2693e50913b709c4d9ca30033f746695",
                "all_bullseye_sites.bullseye.coverage.txt:md5,41c98dec6e67a54c2b47ae5ddc911f5c",
                "all_bullseye_sites.bullseye.mut.txt:md5,41c98dec6e67a54c2b47ae5ddc911f5c",
                "all_bullseye_sites.bullseye.score.txt:md5,41c98dec6e67a54c2b47ae5ddc911f5c",
                "A03.fastp.json:md5,d87b2c3c45d19fb804f9efad30dc04d3",
                "A03_R1.fastp.fastq.gz:md5,82e59ca4d67c58943abc1a4b8438d43f",
                "A03_R2.fastp.fastq.gz:md5,1e852b119d0877752ee949f23aaf3cd0",
                "A04.fastp.json:md5,f218cdb8eada1026b28d92ff68d44e30",
                "A04_R1.fastp.fastq.gz:md5,e40057a79a3410ece050e5d7267133ed",
                "A04_R2.fastp.fastq.gz:md5,5bee8b8d857694667b7df26195dbc0cb",
                "C03.fastp.json:md5,98445c00251a7b9743f7268067e782ed",
                "C03_R1.fastp.fastq.gz:md5,e3a18a39dcec272f70776516825cbf24",
                "C03_R2.fastp.fastq.gz:md5,c769cf8194ff77beb89b7b76e887fc1f",
                "E01.fastp.json:md5,db253729e8f2c0f89f36dfbba125527f",
                "E01_R1.fastp.fastq.gz:md5,05622c00202e7e40427282ea160ed76b",
                "E01_R2.fastp.fastq.gz:md5,d5a4030c39f4828d8dcc0207b63f3ef9",
                "fastp-insert-size-plot.txt:md5,2f46872417579e6d2e7e3706b58644c7",
                "fastp-seq-content-gc-plot_Read_1_After_filtering.txt:md5,88df0d74c80ff76be0ecddc01629b085",
                "fastp-seq-content-gc-plot_Read_1_Before_filtering.txt:md5,4aae9fa97b0c261a9708fa01d79d4ee1",
                "fastp-seq-content-gc-plot_Read_2_After_filtering.txt:md5,6ccb0229ca9d46590a66f7cad9450e72",
                "fastp-seq-content-gc-plot_Read_2_Before_filtering.txt:md5,0d5de9f3787ea2767c74b2d9640bc728",
                "fastp-seq-content-n-plot_Read_1_After_filtering.txt:md5,c21e07e5534a811776ae68f2f32faa97",
                "fastp-seq-content-n-plot_Read_1_Before_filtering.txt:md5,8667f31fa820b2509187dcbfb0acca08",
                "fastp-seq-content-n-plot_Read_2_After_filtering.txt:md5,0c75e79be6a49e57b93ed14c6e0c266c",
                "fastp-seq-content-n-plot_Read_2_Before_filtering.txt:md5,d1b0cef4cb1da76eb753f25445787039",
                "fastp-seq-quality-plot_Read_1_After_filtering.txt:md5,7fc5f13079d8b6f86d6fe8bff491c136",
                "fastp-seq-quality-plot_Read_1_Before_filtering.txt:md5,620fa054fb6c16c60759752f972aea37",
                "fastp-seq-quality-plot_Read_2_After_filtering.txt:md5,e53e43cea6a04b51615fb0f6ff405055",
                "fastp-seq-quality-plot_Read_2_Before_filtering.txt:md5,b4cb089b658f44558d0c8f07077d5b37",
                "fastp_filtered_reads_plot.txt:md5,29f6b67ca91e78689e853712e5a7779f",
                "fastqc-status-check-heatmap.txt:md5,8cc57aeb64d50b9123df1a21f42cdf58",
                "fastqc_adapter_content_plot.txt:md5,8853ec4a05f843778a7bb20d95c96d62",
                "fastqc_per_base_n_content_plot.txt:md5,51d90492eb17eaa4acc07fa2e00feafc",
                "fastqc_per_base_sequence_quality_plot.txt:md5,da4fd1f62367a978ee69871288960fb0",
                "fastqc_per_sequence_gc_content_plot_Counts.txt:md5,b7ddd6c68c30ceccc1daf015afe49320",
                "fastqc_per_sequence_gc_content_plot_Percentages.txt:md5,8cb7216be3d3eefe0b09e37eecd6112f",
                "fastqc_per_sequence_quality_scores_plot.txt:md5,670ede13bb71467a93f92c8e38b44140",
                "fastqc_sequence_counts_plot.txt:md5,09c716d9ecb1a35a833f0e885e128895",
                "fastqc_sequence_duplication_levels_plot.txt:md5,cc770a271a86aa87b70b1d93e7b00519",
                "fastqc_sequence_length_distribution_plot.txt:md5,1424180eda58c91665865e87f0bfc5e8",
                "multiqc_citations.txt:md5,82c33232e4cf9c9bd5b091b8823a95ba",
                "multiqc_fastp.txt:md5,b3a22a6af78e4823862463843a9b50bb",
                "multiqc_fastqc.txt:md5,59bd321a789525442fa7f883dc77476d",
                "multiqc_general_stats.txt:md5,e534377f46cef8d2a9e4054e126e5fa6",
                "multiqc_star.txt:md5,f0a3b5ad6defbc1835a4158449c3375d",
                "star_alignment_plot.txt:md5,5d1f33f196fbff82cb91141b51a7b602",
                "star_summary_table.txt:md5,5276d0bf6e4b924a595d5c77bb7a2b2b",
                "A03.Aligned.sortedByCoord.out.bam:md5,af1ca4f1b95daebe54311613ec117bab",
                "A03.Aligned.sortedByCoord.out.bam.bai:md5,be884d226f27e81ab64cd6a14b67f411",
                "A03.SJ.out.tab:md5,fb52212dd3b68dadd76c78b8280c0ef0",
                "A04.Aligned.sortedByCoord.out.bam:md5,521483fbe6c3c0504f52eee2fcf0b4ac",
                "A04.Aligned.sortedByCoord.out.bam.bai:md5,fa5b76960c9108a6cc726064706941c5",
                "A04.SJ.out.tab:md5,17897a7286d91953366573b470537d83",
                "C03.Aligned.sortedByCoord.out.bam:md5,86842b71ed8fcc0b926f510e9ca605e6",
                "C03.Aligned.sortedByCoord.out.bam.bai:md5,166f5c4f48ff4603bc29c92dfff0f18a",
                "C03.SJ.out.tab:md5,a910282ddf870f365873f6ade0d4b522",
                "E01.Aligned.sortedByCoord.out.bam:md5,d32ba65b64bd5f232f0cb58986fcd82a",
                "E01.Aligned.sortedByCoord.out.bam.bai:md5,366bbb148529597704be243333594d2a",
                "E01.SJ.out.tab:md5,66cb6428fbdfd6a6c702c7371d0c83de",
                "Genome:md5,2df0753cc0b6cc9b4baf434d8193c0de",
                "SA:md5,7843556df511588b8360aba1e78ab193",
                "SAindex:md5,c4837c9eeed6f2d5fa62e1d9897a63c5",
                "chrLength.txt:md5,2b75c5e7a5f5a7cb3e37019ec9b2a81c",
                "chrName.txt:md5,01ab0e57e69083fcfac34edc33cd7171",
                "chrNameLength.txt:md5,494f401c11fa24f5af5f019bd9581e8d",
                "chrStart.txt:md5,8d3291e6bcdbe9902fbd7c887494173f",
                "exonGeTrInfo.tab:md5,971ed4d0fa676eff36964e4e347836c6",
                "exonInfo.tab:md5,f24cc0f1bdede5943525719daf2cf8ff",
                "geneInfo.tab:md5,ae751d52662c6104eeb5086bb25f233f",
                "genomeParameters.txt:md5,9b3810df3deaedbe4ba5f14e254aa53d",
                "sjdbInfo.txt:md5,c3cfdcd3fe4df5a13ab3841f7b88cc80",
                "sjdbList.fromGTF.out.tab:md5,aaa44d7bbac0fc35966d34de15d76e4a",
                "sjdbList.out.tab:md5,af84efbb004f409a2d5f127c5c8a0bc8",
                "transcriptInfo.tab:md5,0c7fcb2282ec5d5dde590170dc0ccad2"
            ]
        ],
        "meta": {
            "nf-test": "0.9.3",
            "nextflow": "25.10.0"
        },
        "timestamp": "2026-05-13T12:43:02.386773239"
    }
}