{
    "Params: test profile": {
        "content": [
            {
                "FASTP": {
                    "fastp": "1.1.0"
                },
                "FASTQC": {
                    "fastqc": "0.12.1"
                },
                "Workflow": {
                    "nf-core/dartseq": "v1.0.0dev"
                }
            },
            [
                "fastp",
                "fastp/A03.fastp.html",
                "fastp/A03.fastp.json",
                "fastp/A03.fastp.log",
                "fastp/A03_R1.fastp.fastq.gz",
                "fastp/A03_R2.fastp.fastq.gz",
                "fastp/A04.fastp.html",
                "fastp/A04.fastp.json",
                "fastp/A04.fastp.log",
                "fastp/A04_R1.fastp.fastq.gz",
                "fastp/A04_R2.fastp.fastq.gz",
                "fastp/C03.fastp.html",
                "fastp/C03.fastp.json",
                "fastp/C03.fastp.log",
                "fastp/C03_R1.fastp.fastq.gz",
                "fastp/C03_R2.fastp.fastq.gz",
                "fastp/E01.fastp.html",
                "fastp/E01.fastp.json",
                "fastp/E01.fastp.log",
                "fastp/E01_R1.fastp.fastq.gz",
                "fastp/E01_R2.fastp.fastq.gz",
                "fastqc",
                "fastqc/A03_1_fastqc.html",
                "fastqc/A03_1_fastqc.zip",
                "fastqc/A03_2_fastqc.html",
                "fastqc/A03_2_fastqc.zip",
                "fastqc/A04_1_fastqc.html",
                "fastqc/A04_1_fastqc.zip",
                "fastqc/A04_2_fastqc.html",
                "fastqc/A04_2_fastqc.zip",
                "fastqc/C03_1_fastqc.html",
                "fastqc/C03_1_fastqc.zip",
                "fastqc/C03_2_fastqc.html",
                "fastqc/C03_2_fastqc.zip",
                "fastqc/E01_1_fastqc.html",
                "fastqc/E01_1_fastqc.zip",
                "fastqc/E01_2_fastqc.html",
                "fastqc/E01_2_fastqc.zip",
                "multiqc",
                "multiqc/multiqc_data",
                "multiqc/multiqc_data/fastp-insert-size-plot.txt",
                "multiqc/multiqc_data/fastp-seq-content-gc-plot_Read_1_After_filtering.txt",
                "multiqc/multiqc_data/fastp-seq-content-gc-plot_Read_1_Before_filtering.txt",
                "multiqc/multiqc_data/fastp-seq-content-gc-plot_Read_2_After_filtering.txt",
                "multiqc/multiqc_data/fastp-seq-content-gc-plot_Read_2_Before_filtering.txt",
                "multiqc/multiqc_data/fastp-seq-content-n-plot_Read_1_After_filtering.txt",
                "multiqc/multiqc_data/fastp-seq-content-n-plot_Read_1_Before_filtering.txt",
                "multiqc/multiqc_data/fastp-seq-content-n-plot_Read_2_After_filtering.txt",
                "multiqc/multiqc_data/fastp-seq-content-n-plot_Read_2_Before_filtering.txt",
                "multiqc/multiqc_data/fastp-seq-quality-plot_Read_1_After_filtering.txt",
                "multiqc/multiqc_data/fastp-seq-quality-plot_Read_1_Before_filtering.txt",
                "multiqc/multiqc_data/fastp-seq-quality-plot_Read_2_After_filtering.txt",
                "multiqc/multiqc_data/fastp-seq-quality-plot_Read_2_Before_filtering.txt",
                "multiqc/multiqc_data/fastp_filtered_reads_plot.txt",
                "multiqc/multiqc_data/fastqc-status-check-heatmap.txt",
                "multiqc/multiqc_data/fastqc_adapter_content_plot.txt",
                "multiqc/multiqc_data/fastqc_per_base_n_content_plot.txt",
                "multiqc/multiqc_data/fastqc_per_base_sequence_quality_plot.txt",
                "multiqc/multiqc_data/fastqc_per_sequence_gc_content_plot_Counts.txt",
                "multiqc/multiqc_data/fastqc_per_sequence_gc_content_plot_Percentages.txt",
                "multiqc/multiqc_data/fastqc_per_sequence_quality_scores_plot.txt",
                "multiqc/multiqc_data/fastqc_sequence_counts_plot.txt",
                "multiqc/multiqc_data/fastqc_sequence_duplication_levels_plot.txt",
                "multiqc/multiqc_data/fastqc_sequence_length_distribution_plot.txt",
                "multiqc/multiqc_data/fastqc_top_overrepresented_sequences_table.txt",
                "multiqc/multiqc_data/llms-full.txt",
                "multiqc/multiqc_data/multiqc.log",
                "multiqc/multiqc_data/multiqc.parquet",
                "multiqc/multiqc_data/multiqc_citations.txt",
                "multiqc/multiqc_data/multiqc_data.json",
                "multiqc/multiqc_data/multiqc_fastp.txt",
                "multiqc/multiqc_data/multiqc_fastqc.txt",
                "multiqc/multiqc_data/multiqc_general_stats.txt",
                "multiqc/multiqc_data/multiqc_software_versions.txt",
                "multiqc/multiqc_data/multiqc_sources.txt",
                "multiqc/multiqc_plots",
                "multiqc/multiqc_plots/pdf",
                "multiqc/multiqc_plots/pdf/fastp-insert-size-plot.pdf",
                "multiqc/multiqc_plots/pdf/fastp-seq-content-gc-plot_Read_1_After_filtering.pdf",
                "multiqc/multiqc_plots/pdf/fastp-seq-content-gc-plot_Read_1_Before_filtering.pdf",
                "multiqc/multiqc_plots/pdf/fastp-seq-content-gc-plot_Read_2_After_filtering.pdf",
                "multiqc/multiqc_plots/pdf/fastp-seq-content-gc-plot_Read_2_Before_filtering.pdf",
                "multiqc/multiqc_plots/pdf/fastp-seq-content-n-plot_Read_1_After_filtering.pdf",
                "multiqc/multiqc_plots/pdf/fastp-seq-content-n-plot_Read_1_Before_filtering.pdf",
                "multiqc/multiqc_plots/pdf/fastp-seq-content-n-plot_Read_2_After_filtering.pdf",
                "multiqc/multiqc_plots/pdf/fastp-seq-content-n-plot_Read_2_Before_filtering.pdf",
                "multiqc/multiqc_plots/pdf/fastp-seq-quality-plot_Read_1_After_filtering.pdf",
                "multiqc/multiqc_plots/pdf/fastp-seq-quality-plot_Read_1_Before_filtering.pdf",
                "multiqc/multiqc_plots/pdf/fastp-seq-quality-plot_Read_2_After_filtering.pdf",
                "multiqc/multiqc_plots/pdf/fastp-seq-quality-plot_Read_2_Before_filtering.pdf",
                "multiqc/multiqc_plots/pdf/fastp_filtered_reads_plot-cnt.pdf",
                "multiqc/multiqc_plots/pdf/fastp_filtered_reads_plot-pct.pdf",
                "multiqc/multiqc_plots/pdf/fastqc_adapter_content_plot.pdf",
                "multiqc/multiqc_plots/pdf/fastqc_per_base_n_content_plot.pdf",
                "multiqc/multiqc_plots/pdf/fastqc_per_base_sequence_quality_plot.pdf",
                "multiqc/multiqc_plots/pdf/fastqc_per_sequence_gc_content_plot_Counts.pdf",
                "multiqc/multiqc_plots/pdf/fastqc_per_sequence_gc_content_plot_Percentages.pdf",
                "multiqc/multiqc_plots/pdf/fastqc_per_sequence_quality_scores_plot.pdf",
                "multiqc/multiqc_plots/pdf/fastqc_sequence_counts_plot-cnt.pdf",
                "multiqc/multiqc_plots/pdf/fastqc_sequence_counts_plot-pct.pdf",
                "multiqc/multiqc_plots/pdf/fastqc_sequence_duplication_levels_plot.pdf",
                "multiqc/multiqc_plots/pdf/fastqc_sequence_length_distribution_plot.pdf",
                "multiqc/multiqc_plots/pdf/fastqc_top_overrepresented_sequences_table.pdf",
                "multiqc/multiqc_plots/png",
                "multiqc/multiqc_plots/png/fastp-insert-size-plot.png",
                "multiqc/multiqc_plots/png/fastp-seq-content-gc-plot_Read_1_After_filtering.png",
                "multiqc/multiqc_plots/png/fastp-seq-content-gc-plot_Read_1_Before_filtering.png",
                "multiqc/multiqc_plots/png/fastp-seq-content-gc-plot_Read_2_After_filtering.png",
                "multiqc/multiqc_plots/png/fastp-seq-content-gc-plot_Read_2_Before_filtering.png",
                "multiqc/multiqc_plots/png/fastp-seq-content-n-plot_Read_1_After_filtering.png",
                "multiqc/multiqc_plots/png/fastp-seq-content-n-plot_Read_1_Before_filtering.png",
                "multiqc/multiqc_plots/png/fastp-seq-content-n-plot_Read_2_After_filtering.png",
                "multiqc/multiqc_plots/png/fastp-seq-content-n-plot_Read_2_Before_filtering.png",
                "multiqc/multiqc_plots/png/fastp-seq-quality-plot_Read_1_After_filtering.png",
                "multiqc/multiqc_plots/png/fastp-seq-quality-plot_Read_1_Before_filtering.png",
                "multiqc/multiqc_plots/png/fastp-seq-quality-plot_Read_2_After_filtering.png",
                "multiqc/multiqc_plots/png/fastp-seq-quality-plot_Read_2_Before_filtering.png",
                "multiqc/multiqc_plots/png/fastp_filtered_reads_plot-cnt.png",
                "multiqc/multiqc_plots/png/fastp_filtered_reads_plot-pct.png",
                "multiqc/multiqc_plots/png/fastqc_adapter_content_plot.png",
                "multiqc/multiqc_plots/png/fastqc_per_base_n_content_plot.png",
                "multiqc/multiqc_plots/png/fastqc_per_base_sequence_quality_plot.png",
                "multiqc/multiqc_plots/png/fastqc_per_sequence_gc_content_plot_Counts.png",
                "multiqc/multiqc_plots/png/fastqc_per_sequence_gc_content_plot_Percentages.png",
                "multiqc/multiqc_plots/png/fastqc_per_sequence_quality_scores_plot.png",
                "multiqc/multiqc_plots/png/fastqc_sequence_counts_plot-cnt.png",
                "multiqc/multiqc_plots/png/fastqc_sequence_counts_plot-pct.png",
                "multiqc/multiqc_plots/png/fastqc_sequence_duplication_levels_plot.png",
                "multiqc/multiqc_plots/png/fastqc_sequence_length_distribution_plot.png",
                "multiqc/multiqc_plots/png/fastqc_top_overrepresented_sequences_table.png",
                "multiqc/multiqc_plots/svg",
                "multiqc/multiqc_plots/svg/fastp-insert-size-plot.svg",
                "multiqc/multiqc_plots/svg/fastp-seq-content-gc-plot_Read_1_After_filtering.svg",
                "multiqc/multiqc_plots/svg/fastp-seq-content-gc-plot_Read_1_Before_filtering.svg",
                "multiqc/multiqc_plots/svg/fastp-seq-content-gc-plot_Read_2_After_filtering.svg",
                "multiqc/multiqc_plots/svg/fastp-seq-content-gc-plot_Read_2_Before_filtering.svg",
                "multiqc/multiqc_plots/svg/fastp-seq-content-n-plot_Read_1_After_filtering.svg",
                "multiqc/multiqc_plots/svg/fastp-seq-content-n-plot_Read_1_Before_filtering.svg",
                "multiqc/multiqc_plots/svg/fastp-seq-content-n-plot_Read_2_After_filtering.svg",
                "multiqc/multiqc_plots/svg/fastp-seq-content-n-plot_Read_2_Before_filtering.svg",
                "multiqc/multiqc_plots/svg/fastp-seq-quality-plot_Read_1_After_filtering.svg",
                "multiqc/multiqc_plots/svg/fastp-seq-quality-plot_Read_1_Before_filtering.svg",
                "multiqc/multiqc_plots/svg/fastp-seq-quality-plot_Read_2_After_filtering.svg",
                "multiqc/multiqc_plots/svg/fastp-seq-quality-plot_Read_2_Before_filtering.svg",
                "multiqc/multiqc_plots/svg/fastp_filtered_reads_plot-cnt.svg",
                "multiqc/multiqc_plots/svg/fastp_filtered_reads_plot-pct.svg",
                "multiqc/multiqc_plots/svg/fastqc_adapter_content_plot.svg",
                "multiqc/multiqc_plots/svg/fastqc_per_base_n_content_plot.svg",
                "multiqc/multiqc_plots/svg/fastqc_per_base_sequence_quality_plot.svg",
                "multiqc/multiqc_plots/svg/fastqc_per_sequence_gc_content_plot_Counts.svg",
                "multiqc/multiqc_plots/svg/fastqc_per_sequence_gc_content_plot_Percentages.svg",
                "multiqc/multiqc_plots/svg/fastqc_per_sequence_quality_scores_plot.svg",
                "multiqc/multiqc_plots/svg/fastqc_sequence_counts_plot-cnt.svg",
                "multiqc/multiqc_plots/svg/fastqc_sequence_counts_plot-pct.svg",
                "multiqc/multiqc_plots/svg/fastqc_sequence_duplication_levels_plot.svg",
                "multiqc/multiqc_plots/svg/fastqc_sequence_length_distribution_plot.svg",
                "multiqc/multiqc_plots/svg/fastqc_top_overrepresented_sequences_table.svg",
                "multiqc/multiqc_report.html",
                "pipeline_info",
                "pipeline_info/nf_core_dartseq_software_mqc_versions.yml"
            ],
            [
                "A03_R1.fastp.fastq.gz:md5,82e59ca4d67c58943abc1a4b8438d43f",
                "A03_R2.fastp.fastq.gz:md5,1e852b119d0877752ee949f23aaf3cd0",
                "A04_R1.fastp.fastq.gz:md5,e40057a79a3410ece050e5d7267133ed",
                "A04_R2.fastp.fastq.gz:md5,5bee8b8d857694667b7df26195dbc0cb",
                "C03_R1.fastp.fastq.gz:md5,e3a18a39dcec272f70776516825cbf24",
                "C03_R2.fastp.fastq.gz:md5,c769cf8194ff77beb89b7b76e887fc1f",
                "E01_R1.fastp.fastq.gz:md5,05622c00202e7e40427282ea160ed76b",
                "E01_R2.fastp.fastq.gz:md5,d5a4030c39f4828d8dcc0207b63f3ef9",
                "fastp-insert-size-plot.txt:md5,2f46872417579e6d2e7e3706b58644c7",
                "fastp-seq-content-gc-plot_Read_1_After_filtering.txt:md5,88df0d74c80ff76be0ecddc01629b085",
                "fastp-seq-content-gc-plot_Read_1_Before_filtering.txt:md5,4aae9fa97b0c261a9708fa01d79d4ee1",
                "fastp-seq-content-gc-plot_Read_2_After_filtering.txt:md5,6ccb0229ca9d46590a66f7cad9450e72",
                "fastp-seq-content-gc-plot_Read_2_Before_filtering.txt:md5,0d5de9f3787ea2767c74b2d9640bc728",
                "fastp-seq-content-n-plot_Read_1_After_filtering.txt:md5,c21e07e5534a811776ae68f2f32faa97",
                "fastp-seq-content-n-plot_Read_1_Before_filtering.txt:md5,8667f31fa820b2509187dcbfb0acca08",
                "fastp-seq-content-n-plot_Read_2_After_filtering.txt:md5,0c75e79be6a49e57b93ed14c6e0c266c",
                "fastp-seq-content-n-plot_Read_2_Before_filtering.txt:md5,d1b0cef4cb1da76eb753f25445787039",
                "fastp-seq-quality-plot_Read_1_After_filtering.txt:md5,7fc5f13079d8b6f86d6fe8bff491c136",
                "fastp-seq-quality-plot_Read_1_Before_filtering.txt:md5,620fa054fb6c16c60759752f972aea37",
                "fastp-seq-quality-plot_Read_2_After_filtering.txt:md5,e53e43cea6a04b51615fb0f6ff405055",
                "fastp-seq-quality-plot_Read_2_Before_filtering.txt:md5,b4cb089b658f44558d0c8f07077d5b37",
                "fastp_filtered_reads_plot.txt:md5,29f6b67ca91e78689e853712e5a7779f",
                "fastqc-status-check-heatmap.txt:md5,8cc57aeb64d50b9123df1a21f42cdf58",
                "fastqc_adapter_content_plot.txt:md5,8853ec4a05f843778a7bb20d95c96d62",
                "fastqc_per_base_n_content_plot.txt:md5,51d90492eb17eaa4acc07fa2e00feafc",
                "fastqc_per_base_sequence_quality_plot.txt:md5,da4fd1f62367a978ee69871288960fb0",
                "fastqc_per_sequence_gc_content_plot_Counts.txt:md5,b7ddd6c68c30ceccc1daf015afe49320",
                "fastqc_per_sequence_gc_content_plot_Percentages.txt:md5,8cb7216be3d3eefe0b09e37eecd6112f",
                "fastqc_per_sequence_quality_scores_plot.txt:md5,670ede13bb71467a93f92c8e38b44140",
                "fastqc_sequence_counts_plot.txt:md5,09c716d9ecb1a35a833f0e885e128895",
                "fastqc_sequence_duplication_levels_plot.txt:md5,cc770a271a86aa87b70b1d93e7b00519",
                "fastqc_sequence_length_distribution_plot.txt:md5,1424180eda58c91665865e87f0bfc5e8",
                "multiqc_citations.txt:md5,d35df50e9903a96a2b3bce3c1fbc8ad2",
                "multiqc_fastp.txt:md5,b3a22a6af78e4823862463843a9b50bb",
                "multiqc_fastqc.txt:md5,59bd321a789525442fa7f883dc77476d",
                "multiqc_general_stats.txt:md5,7ea718b4ce975d8587ee1381135b3e4f"
            ]
        ],
        "meta": {
            "nf-test": "0.9.3",
            "nextflow": "25.10.0"
        },
        "timestamp": "2026-05-20T16:10:00.09326315"
    }
}